// Jest Snapshot v1, https://goo.gl/fbAQLP

exports[`Pruebas en <GifItem.jsx /> Debe hacer match con el snapshot 1`] = `
<div>
  <div
    class="card"
  >
    <img
      alt="Un título"
      src="https://aboutme.raulmorales.eu/"
    />
    <p>
      Un título
    </p>
  </div>
</div>
`;
